Loading data files...
LT: 4184 rows, IOC: 5306 rows, ITC: 5306 rows

Forming exact daily intersection...
Common date range: 2004-06-23 00:00:00 to 2021-04-30 00:00:00
Total common days: 4184

Calculating log prices and returns...
After differencing: 4183 return observations

============================================================
PERFORMING GSADF BUBBLE DETECTION
============================================================

Testing LT...
  Computing ADF statistics for sample of windows...
  Dataset size: 4184, sampling every 23 points
  GSADF statistic: 767.2761 (from 16471 windows)
  Running 1000 Monte Carlo simulations...
    Simulation 0/1000
    Simulation 250/1000
    Simulation 500/1000
    Simulation 750/1000
  GSADF statistic: 767.2761
  Critical values: 90%=2467.8830, 95%=2798.1073, 99%=3579.7253
  Number of bubble episodes: 0

Testing IOC...
  Computing ADF statistics for sample of windows...
  Dataset size: 4184, sampling every 23 points
  GSADF statistic: 1140.8881 (from 16471 windows)
  Running 1000 Monte Carlo simulations...
    Simulation 0/1000
    Simulation 250/1000
    Simulation 500/1000
    Simulation 750/1000
  GSADF statistic: 1140.8881
  Critical values: 90%=2388.0743, 95%=2811.4623, 99%=3456.5748
  Number of bubble episodes: 0

Testing ITC...
  Computing ADF statistics for sample of windows...
  Dataset size: 4184, sampling every 23 points
  GSADF statistic: 734.6972 (from 16471 windows)
  Running 1000 Monte Carlo simulations...
    Simulation 0/1000
    Simulation 250/1000
    Simulation 500/1000
    Simulation 750/1000
  GSADF statistic: 734.6972
  Critical values: 90%=2490.7396, 95%=2838.4425, 99%=3566.3982
  Number of bubble episodes: 0

Total bubble episodes across all tickers: 0
Maximum GSADF statistic: 1140.8881

============================================================
PERFORMING VAR ESTIMATION AND SPILLOVER ANALYSIS
============================================================

Return observations for VAR: 4183

Selecting VAR lag order by AIC...
  Lag 1: max root=47.2274 (unstable, excluded)
  Lag 2: max root=12.1687 (unstable, excluded)
  Lag 3: max root=3.8756 (unstable, excluded)
  Lag 4: max root=6.1709 (unstable, excluded)
  Lag 5: max root=11.6555 (unstable, excluded)
  Lag 6: max root=5.6160 (unstable, excluded)
  Lag 7: max root=42.8980 (unstable, excluded)
  Lag 8: max root=2.0558 (unstable, excluded)
  Lag 9: max root=2.8266 (unstable, excluded)
  Lag 10: max root=3.8879 (unstable, excluded)
ERROR: No stable VAR model found!

VAR Model Summary:
  Lag order: 1
  Number of observations: 4182
  AIC: -20.4167

Computing 10-period FEVD...
Traceback (most recent call last):
  File "/home/user/Task-22/bubble_spillover_analysis.py", line 322, in <module>
    fevd_10 = fevd.decomp[9, :, :]  # 10-step ahead (index 9)
              ~~~~~~~~~~~^^^^^^^^^
IndexError: index 9 is out of bounds for axis 0 with size 3
